// Jest Snapshot v1, https://goo.gl/fbAQLP

exports[`should rendere header correctly 1`] = `
<header>
  <h1>
    Expensify
  </h1>
  <ul>
    <li>
      <NavLink
        activeClassName="is-active"
        exact={true}
        to="/"
      >
        Home
      </NavLink>
    </li>
    <li>
      <NavLink
        activeClassName="is-active"
        exact={true}
        to="/dashboard"
      >
        Dashboard
      </NavLink>
    </li>
    <li>
      <NavLink
        activeClassName="is-active"
        to="/create"
      >
        Create
      </NavLink>
    </li>
    <li>
      <NavLink
        activeClassName="is-active"
        to="/help"
      >
        Help
      </NavLink>
    </li>
  </ul>
  <button
    onClick={[Function]}
  >
    Logout
  </button>
</header>
`;
